// Jest Snapshot v1, https://goo.gl/fbAQLP

exports[`LogoNetflix renders correctly 1`] = `
<div
  className="logo"
>
  <a
    className="logo__link"
    href="https://netflixroulette.net/"
  />
</div>
`;
